{"time":"2026-03-12T00:44:00-03:00","level":"INFO","trace_id":"16b834ed020ccec9","module":"plano_curso","action":"store","user_id":1,"method":"POST","uri":"/conectaosc/api/v1/planos-curso","ip":"::1","context":{"id":0}}
{"time":"2026-03-12T00:46:44-03:00","level":"INFO","trace_id":"83782c9cc7333c7d","module":"plano_curso_aula","action":"store","user_id":1,"method":"POST","uri":"/conectaosc/api/v1/planos-curso/1/aulas","ip":"::1","context":{"id_plano":1,"id_aula":0}}
{"time":"2026-03-12T00:47:03-03:00","level":"INFO","trace_id":"f45db9a97393a76a","module":"plano_curso_aula","action":"store","user_id":1,"method":"POST","uri":"/conectaosc/api/v1/planos-curso/1/aulas","ip":"::1","context":{"id_plano":1,"id_aula":0}}
{"time":"2026-03-12T00:48:38-03:00","level":"INFO","trace_id":"d732f28ecefb3568","module":"plano_curso_aula","action":"store","user_id":1,"method":"POST","uri":"/conectaosc/api/v1/planos-curso/1/aulas","ip":"::1","context":{"id_plano":1,"id_aula":0}}
{"time":"2026-03-12T00:48:48-03:00","level":"INFO","trace_id":"36538c3896edc56a","module":"plano_curso_aula","action":"update","user_id":1,"method":"PUT","uri":"/conectaosc/api/v1/planos-curso/aulas/3","ip":"::1","context":{"id_aula":3,"updated":false}}
{"time":"2026-03-12T00:48:51-03:00","level":"INFO","trace_id":"8d662fbe6a3e294c","module":"plano_curso_aula","action":"update","user_id":1,"method":"PUT","uri":"/conectaosc/api/v1/planos-curso/aulas/2","ip":"::1","context":{"id_aula":2,"updated":false}}
{"time":"2026-03-12T00:48:53-03:00","level":"INFO","trace_id":"788f9d00990f2c34","module":"plano_curso_aula","action":"update","user_id":1,"method":"PUT","uri":"/conectaosc/api/v1/planos-curso/aulas/1","ip":"::1","context":{"id_aula":1,"updated":false}}
{"time":"2026-03-12T00:48:56-03:00","level":"INFO","trace_id":"ac714aeec622643e","module":"plano_curso","action":"update","user_id":1,"method":"PUT","uri":"/conectaosc/api/v1/planos-curso/1","ip":"::1","context":{"id":1,"updated":false}}
{"time":"2026-03-12T00:52:01-03:00","level":"INFO","trace_id":"612652a012cb38ac","module":"plano_curso","action":"store","user_id":1,"method":"POST","uri":"/conectaosc/api/v1/planos-curso","ip":"::1","context":{"id":0}}
{"time":"2026-03-12T00:52:51-03:00","level":"INFO","trace_id":"180f9a89e724c38c","module":"plano_curso","action":"store","user_id":1,"method":"POST","uri":"/conectaosc/api/v1/planos-curso","ip":"::1","context":{"id":0}}
{"time":"2026-03-12T00:55:06-03:00","level":"INFO","trace_id":"39ee3efa8aa936e6","module":"plano_curso","action":"destroy","user_id":1,"method":"DELETE","uri":"/conectaosc/api/v1/planos-curso/2","ip":"::1","context":{"id":2,"deleted":true}}
{"time":"2026-03-12T00:55:14-03:00","level":"INFO","trace_id":"c211aab4d2b64721","module":"plano_curso","action":"destroy","user_id":1,"method":"DELETE","uri":"/conectaosc/api/v1/planos-curso/1","ip":"::1","context":{"id":1,"deleted":true}}
{"time":"2026-03-12T06:09:24-03:00","level":"INFO","trace_id":"75cbad870f45f742","module":"turma_plano_curso","action":"vincular","user_id":1,"method":"POST","uri":"/conectaosc/api/v1/turmas/79/plano-curso/vincular","ip":"::1","context":{"id_turma":79,"id_plano":4,"id_vinculo":1}}
{"time":"2026-03-12T06:09:40-03:00","level":"INFO","trace_id":"54d119237bd45ce6","module":"turma_plano_curso","action":"vincular","user_id":1,"method":"POST","uri":"/conectaosc/api/v1/turmas/80/plano-curso/vincular","ip":"::1","context":{"id_turma":80,"id_plano":4,"id_vinculo":2}}
{"time":"2026-03-12T06:18:16-03:00","level":"INFO","trace_id":"93d1bc335b1ea0e1","module":"cronograma_aula","action":"agendar","user_id":1,"method":"PUT","uri":"/conectaosc/api/v1/cronograma-aulas/3/agendar","ip":"::1","context":{"id":3,"data":"2026-03-09","hora":"07:00:00"}}
{"time":"2026-03-12T06:35:29-03:00","level":"INFO","trace_id":"60dd72fc4a636504","module":"cronograma_aula","action":"agendar","user_id":1,"method":"PUT","uri":"/conectaosc/api/v1/cronograma-aulas/4/agendar","ip":"::1","context":{"id":4,"data":"2026-03-12","hora":"07:00:00"}}
{"time":"2026-03-12T16:14:04-03:00","level":"ERROR","trace_id":"9b200c23c37f1fec","module":"plano_curso","action":"store_aula","user_id":1,"method":"POST","uri":"/conectaosc/api/v1/planos-curso/4/aulas","ip":"::1","context":{"id_plano":4,"exception":{"class":"PDOException","message":"SQLSTATE[23000]: Integrity constraint violation: 1452 Cannot add or update a child row: a foreign key constraint fails (`mwtech63_matricula`.`tb_cronograma_aula`, CONSTRAINT `fk_cronograma_plano_aula` FOREIGN KEY (`IdPlanoCursoAula`) REFERENCES `tb_plano_curso_aula` (`IdPlanoCursoAula`))","file":"D:\\OneDrive\\OneDrive - INSTITUTO TECNOLOGICO E VOCACIONAL AVANÇADO\\htdocs\\conectaosc\\api\\repositories\\PlanoCursoRepository.php","line":230}}}
{"time":"2026-03-12T21:34:25-03:00","level":"INFO","trace_id":"c8951085657eb488","module":"cronograma_aula","action":"agendar","user_id":1,"method":"PUT","uri":"/conectaosc/api/v1/cronograma-aulas/8/agendar","ip":"::1","context":{"id":8,"data":"2026-03-09","hora":"13:30:00"}}
{"time":"2026-03-12T21:35:48-03:00","level":"INFO","trace_id":"b2f31c691013d580","module":"cronograma_aula","action":"agendar","user_id":1,"method":"PUT","uri":"/conectaosc/api/v1/cronograma-aulas/8/agendar","ip":"::1","context":{"id":8,"data":"2026-03-12","hora":"13:30:00"}}
{"time":"2026-03-12T21:36:42-03:00","level":"INFO","trace_id":"40ff0ef18f57c995","module":"anexo","action":"upload_cronograma_aula","user_id":1,"method":"POST","uri":"/conectaosc/api/v1/cronograma-aulas/8/anexos","ip":"::1","context":{"id_cronograma":8,"total":1}}
{"time":"2026-03-12T21:38:35-03:00","level":"INFO","trace_id":"af886e054aca6165","module":"cronograma_aula","action":"agendar","user_id":1,"method":"PUT","uri":"/conectaosc/api/v1/cronograma-aulas/13/agendar","ip":"::1","context":{"id":13,"data":"2026-03-09","hora":"10:00:00"}}
{"time":"2026-03-16T01:29:54-03:00","level":"INFO","trace_id":"0344c9da471c1c6b","module":"cronograma_aula","action":"status","user_id":1,"method":"PUT","uri":"/conectaosc/api/v1/cronograma-aulas/4/status","ip":"::1","context":{"id":4,"updated":true}}
{"time":"2026-03-16T01:30:03-03:00","level":"INFO","trace_id":"99cda1606b0f9e51","module":"cronograma_aula","action":"comentar","user_id":1,"method":"POST","uri":"/conectaosc/api/v1/cronograma-aulas/4/comentarios","ip":"::1","context":{"id":4,"id_comentario":0}}
{"time":"2026-03-16T01:30:13-03:00","level":"INFO","trace_id":"fc94323ed3ccba2d","module":"cronograma_aula","action":"status","user_id":1,"method":"PUT","uri":"/conectaosc/api/v1/cronograma-aulas/4/status","ip":"::1","context":{"id":4,"updated":false}}
{"time":"2026-03-16T01:30:17-03:00","level":"INFO","trace_id":"753aa31c497240d3","module":"cronograma_aula","action":"status","user_id":1,"method":"PUT","uri":"/conectaosc/api/v1/cronograma-aulas/4/status","ip":"::1","context":{"id":4,"updated":true}}
{"time":"2026-03-16T01:30:32-03:00","level":"INFO","trace_id":"357dcc0afa336535","module":"cronograma_aula","action":"status","user_id":1,"method":"PUT","uri":"/conectaosc/api/v1/cronograma-aulas/4/status","ip":"::1","context":{"id":4,"updated":true}}
{"time":"2026-03-16T01:30:55-03:00","level":"INFO","trace_id":"18ad785ae9200aaa","module":"cronograma_aula","action":"status","user_id":1,"method":"PUT","uri":"/conectaosc/api/v1/cronograma-aulas/4/status","ip":"::1","context":{"id":4,"updated":false}}
{"time":"2026-03-16T01:30:57-03:00","level":"INFO","trace_id":"42713019e8e0d272","module":"cronograma_aula","action":"status","user_id":1,"method":"PUT","uri":"/conectaosc/api/v1/cronograma-aulas/4/status","ip":"::1","context":{"id":4,"updated":false}}
{"time":"2026-03-16T01:31:16-03:00","level":"INFO","trace_id":"71dd5854e9292157","module":"cronograma_aula","action":"status","user_id":1,"method":"PUT","uri":"/conectaosc/api/v1/cronograma-aulas/4/status","ip":"::1","context":{"id":4,"updated":true}}
{"time":"2026-03-16T01:38:57-03:00","level":"INFO","trace_id":"ff9719bc694dc61e","module":"cronograma_aula","action":"agendar","user_id":1,"method":"PUT","uri":"/conectaosc/api/v1/cronograma-aulas/4/agendar","ip":"::1","context":{"id":4,"data":"2026-03-17","hora":"07:00:00"}}
{"time":"2026-03-16T01:39:14-03:00","level":"INFO","trace_id":"3dc2ac46e6513b07","module":"cronograma_aula","action":"agendar","user_id":1,"method":"PUT","uri":"/conectaosc/api/v1/cronograma-aulas/8/agendar","ip":"::1","context":{"id":8,"data":"2026-03-19","hora":"13:00:00"}}
{"time":"2026-03-16T01:39:28-03:00","level":"INFO","trace_id":"ad1b5c138245b24c","module":"cronograma_aula","action":"agendar","user_id":1,"method":"PUT","uri":"/conectaosc/api/v1/cronograma-aulas/4/agendar","ip":"::1","context":{"id":4,"data":"2026-03-13","hora":"07:00:00"}}
{"time":"2026-03-16T02:00:33-03:00","level":"INFO","trace_id":"30c8e65dc21fe511","module":"cronograma_aula","action":"agendar","user_id":1,"method":"PUT","uri":"/conectaosc/api/v1/cronograma-aulas/8/agendar","ip":"::1","context":{"id":8,"data":"2026-03-18","hora":"12:00:00"}}
{"time":"2026-03-16T02:00:55-03:00","level":"INFO","trace_id":"48de26227bd009c4","module":"cronograma_aula","action":"agendar","user_id":1,"method":"PUT","uri":"/conectaosc/api/v1/cronograma-aulas/8/agendar","ip":"::1","context":{"id":8,"data":"2026-03-19","hora":"07:00:00"}}
{"time":"2026-03-16T02:20:32-03:00","level":"INFO","trace_id":"97330229fbc0817b","module":"cronograma_aula","action":"agendar","user_id":1,"method":"PUT","uri":"/conectaosc/api/v1/cronograma-aulas/8/agendar","ip":"::1","context":{"id":8,"data":"2026-03-19","hora":"10:00:00"}}
{"time":"2026-03-16T02:59:36-03:00","level":"INFO","trace_id":"b8bce971e5fe1697","module":"plano_curso_aula","action":"update","user_id":1,"method":"PUT","uri":"/conectaosc/api/v1/planos-curso/aulas/7","ip":"::1","context":{"id_aula":7,"updated":true}}
{"time":"2026-03-16T03:10:22-03:00","level":"INFO","trace_id":"f43c4325a05ba340","module":"cronograma_aula","action":"agendar","user_id":1,"method":"PUT","uri":"/conectaosc/api/v1/cronograma-aulas/8/agendar","ip":"::1","context":{"id":8,"data":"2026-03-19","hora":"09:00:00"}}
{"time":"2026-03-16T03:13:18-03:00","level":"INFO","trace_id":"2c6ccb75beaf8d27","module":"cronograma_aula","action":"agendar","user_id":1,"method":"PUT","uri":"/conectaosc/api/v1/cronograma-aulas/4/agendar","ip":"::1","context":{"id":4,"data":"2026-03-12","hora":"08:00:00"}}
{"time":"2026-03-16T03:25:28-03:00","level":"INFO","trace_id":"0c7bcf8cf6ca0014","module":"cronograma_aula","action":"agendar","user_id":1,"method":"PUT","uri":"/conectaosc/api/v1/cronograma-aulas/3/agendar","ip":"::1","context":{"id":3,"data":"2026-03-06","hora":"07:00:00"}}
{"time":"2026-03-16T03:33:03-03:00","level":"INFO","trace_id":"0b4a8461f7c0fcab","module":"cronograma_aula","action":"agendar","user_id":1,"method":"PUT","uri":"/conectaosc/api/v1/cronograma-aulas/3/agendar","ip":"::1","context":{"id":3,"data":"2026-03-09","hora":"08:30:00"}}
{"time":"2026-03-16T03:33:13-03:00","level":"INFO","trace_id":"9214925cfff5c3dc","module":"cronograma_aula","action":"agendar","user_id":1,"method":"PUT","uri":"/conectaosc/api/v1/cronograma-aulas/3/agendar","ip":"::1","context":{"id":3,"data":"2026-03-06","hora":"06:30:00"}}
{"time":"2026-03-16T03:33:18-03:00","level":"INFO","trace_id":"6d5c28cfacb9de5c","module":"cronograma_aula","action":"agendar","user_id":1,"method":"PUT","uri":"/conectaosc/api/v1/cronograma-aulas/3/agendar","ip":"::1","context":{"id":3,"data":"2026-03-09","hora":"06:30:00"}}
{"time":"2026-03-16T03:33:23-03:00","level":"INFO","trace_id":"e61a3fe808eb1b5b","module":"cronograma_aula","action":"agendar","user_id":1,"method":"PUT","uri":"/conectaosc/api/v1/cronograma-aulas/3/agendar","ip":"::1","context":{"id":3,"data":"2026-03-09","hora":"09:00:00"}}
{"time":"2026-03-16T03:33:28-03:00","level":"INFO","trace_id":"d1c5e5f73d80d388","module":"cronograma_aula","action":"agendar","user_id":1,"method":"PUT","uri":"/conectaosc/api/v1/cronograma-aulas/3/agendar","ip":"::1","context":{"id":3,"data":"2026-03-10","hora":"10:00:00"}}
{"time":"2026-03-16T03:33:38-03:00","level":"INFO","trace_id":"2124b35a7f1664ef","module":"cronograma_aula","action":"agendar","user_id":1,"method":"PUT","uri":"/conectaosc/api/v1/cronograma-aulas/3/agendar","ip":"::1","context":{"id":3,"data":"2026-03-11","hora":"10:00:00"}}
{"time":"2026-03-16T03:33:45-03:00","level":"INFO","trace_id":"5ea5ec4a655c7bcd","module":"cronograma_aula","action":"agendar","user_id":1,"method":"PUT","uri":"/conectaosc/api/v1/cronograma-aulas/3/agendar","ip":"::1","context":{"id":3,"data":"2026-03-10","hora":"09:00:00"}}
{"time":"2026-03-16T03:33:51-03:00","level":"INFO","trace_id":"63c6fabc6252cf11","module":"cronograma_aula","action":"agendar","user_id":1,"method":"PUT","uri":"/conectaosc/api/v1/cronograma-aulas/3/agendar","ip":"::1","context":{"id":3,"data":"2026-03-11","hora":"09:00:00"}}
{"time":"2026-03-16T03:34:10-03:00","level":"INFO","trace_id":"253f644268ad71ba","module":"cronograma_aula","action":"agendar","user_id":1,"method":"PUT","uri":"/conectaosc/api/v1/cronograma-aulas/3/agendar","ip":"::1","context":{"id":3,"data":"2026-03-09","hora":"07:00:00"}}
{"time":"2026-03-16T03:34:17-03:00","level":"INFO","trace_id":"d4b9bcb2bcffb5bb","module":"cronograma_aula","action":"agendar","user_id":1,"method":"PUT","uri":"/conectaosc/api/v1/cronograma-aulas/3/agendar","ip":"::1","context":{"id":3,"data":"2026-03-10","hora":"07:00:00"}}
{"time":"2026-03-16T03:34:26-03:00","level":"INFO","trace_id":"7424c5f33d075923","module":"cronograma_aula","action":"agendar","user_id":1,"method":"PUT","uri":"/conectaosc/api/v1/cronograma-aulas/3/agendar","ip":"::1","context":{"id":3,"data":"2026-03-09","hora":"08:00:00"}}
{"time":"2026-03-16T03:34:41-03:00","level":"INFO","trace_id":"96941ef191b975a7","module":"cronograma_aula","action":"agendar","user_id":1,"method":"PUT","uri":"/conectaosc/api/v1/cronograma-aulas/3/agendar","ip":"::1","context":{"id":3,"data":"2026-03-10","hora":"07:00:00"}}
{"time":"2026-03-16T03:37:31-03:00","level":"INFO","trace_id":"797da4283fcfa5bc","module":"cronograma_aula","action":"agendar","user_id":1,"method":"PUT","uri":"/conectaosc/api/v1/cronograma-aulas/3/agendar","ip":"::1","context":{"id":3,"data":"2026-03-09","hora":"07:30:00"}}
{"time":"2026-03-16T03:37:42-03:00","level":"INFO","trace_id":"35b7b5b3cb64e8c7","module":"cronograma_aula","action":"agendar","user_id":1,"method":"PUT","uri":"/conectaosc/api/v1/cronograma-aulas/3/agendar","ip":"::1","context":{"id":3,"data":"2026-03-10","hora":"12:00:00"}}
{"time":"2026-03-16T03:37:58-03:00","level":"INFO","trace_id":"f8a93ca10d62744b","module":"cronograma_aula","action":"agendar","user_id":1,"method":"PUT","uri":"/conectaosc/api/v1/cronograma-aulas/4/agendar","ip":"::1","context":{"id":4,"data":"2026-03-11","hora":"08:00:00"}}
{"time":"2026-03-16T03:38:11-03:00","level":"INFO","trace_id":"4babf9689fad8553","module":"cronograma_aula","action":"agendar","user_id":1,"method":"PUT","uri":"/conectaosc/api/v1/cronograma-aulas/4/agendar","ip":"::1","context":{"id":4,"data":"2026-03-12","hora":"07:30:00"}}
{"time":"2026-03-16T03:38:17-03:00","level":"INFO","trace_id":"f73afc69335989e6","module":"cronograma_aula","action":"agendar","user_id":1,"method":"PUT","uri":"/conectaosc/api/v1/cronograma-aulas/3/agendar","ip":"::1","context":{"id":3,"data":"2026-03-10","hora":"07:30:00"}}
{"time":"2026-03-16T04:04:51-03:00","level":"INFO","trace_id":"34c5b90feda4c173","module":"cronograma_aula","action":"agendar","user_id":1,"method":"PUT","uri":"/conectaosc/api/v1/cronograma-aulas/3/agendar","ip":"::1","context":{"id":3,"data":"2026-03-11","hora":"08:00:00"}}
{"time":"2026-03-16T04:05:05-03:00","level":"INFO","trace_id":"26e9ce89c8dcb7e8","module":"cronograma_aula","action":"agendar","user_id":1,"method":"PUT","uri":"/conectaosc/api/v1/cronograma-aulas/3/agendar","ip":"::1","context":{"id":3,"data":"2026-03-10","hora":"08:00:00"}}
{"time":"2026-03-16T04:20:07-03:00","level":"INFO","trace_id":"772e936c1ae21a5d","module":"cronograma_aula","action":"agendar","user_id":1,"method":"PUT","uri":"/conectaosc/api/v1/cronograma-aulas/3/agendar","ip":"::1","context":{"id":3,"data":"2026-03-10","hora":"07:30:00"}}
{"time":"2026-03-16T04:20:23-03:00","level":"INFO","trace_id":"83ff6f49df444e98","module":"cronograma_aula","action":"agendar","user_id":1,"method":"PUT","uri":"/conectaosc/api/v1/cronograma-aulas/3/agendar","ip":"::1","context":{"id":3,"data":"2026-03-11","hora":"08:00:00"}}
{"time":"2026-03-16T04:20:33-03:00","level":"INFO","trace_id":"8886686437a5d11d","module":"cronograma_aula","action":"agendar","user_id":1,"method":"PUT","uri":"/conectaosc/api/v1/cronograma-aulas/3/agendar","ip":"::1","context":{"id":3,"data":"2026-03-10","hora":"07:30:00"}}
{"time":"2026-03-16T04:27:16-03:00","level":"INFO","trace_id":"07768a69db1e5c7f","module":"plano_curso_aula","action":"update","user_id":1,"method":"PUT","uri":"/conectaosc/api/v1/planos-curso/aulas/4","ip":"::1","context":{"id_aula":4,"updated":true}}
{"time":"2026-03-16T04:30:44-03:00","level":"INFO","trace_id":"0ab32a369390717e","module":"cronograma_aula","action":"agendar","user_id":1,"method":"PUT","uri":"/conectaosc/api/v1/cronograma-aulas/3/agendar","ip":"::1","context":{"id":3,"data":"2026-03-11","hora":"08:00:00"}}
{"time":"2026-03-16T04:30:53-03:00","level":"INFO","trace_id":"96c856b761d7a11a","module":"cronograma_aula","action":"agendar","user_id":1,"method":"PUT","uri":"/conectaosc/api/v1/cronograma-aulas/3/agendar","ip":"::1","context":{"id":3,"data":"2026-03-10","hora":"07:00:00"}}
{"time":"2026-03-16T19:24:03-03:00","level":"INFO","trace_id":"26c8b97857714d9d","module":"plano_curso","action":"store","user_id":1,"method":"POST","uri":"/conectaosc/api/v1/planos-curso","ip":"::1","context":{"id":0}}
{"time":"2026-03-16T19:24:25-03:00","level":"INFO","trace_id":"dbeec17ffce47914","module":"plano_curso_aula","action":"store","user_id":1,"method":"POST","uri":"/conectaosc/api/v1/planos-curso/10/aulas","ip":"::1","context":{"id_plano":10,"id_aula":0}}
{"time":"2026-03-16T19:24:34-03:00","level":"INFO","trace_id":"3547c899ab6ec779","module":"plano_curso_aula","action":"store","user_id":1,"method":"POST","uri":"/conectaosc/api/v1/planos-curso/10/aulas","ip":"::1","context":{"id_plano":10,"id_aula":0}}
{"time":"2026-03-16T19:25:53-03:00","level":"ERROR","trace_id":"3e81179eb93a709c","module":"turma_plano_curso","action":"vincular","user_id":1,"method":"POST","uri":"/conectaosc/api/v1/turmas/79/plano-curso/vincular","ip":"::1","context":{"id_turma":79,"exception":{"class":"PDOException","message":"SQLSTATE[23000]: Integrity constraint violation: 1452 Cannot add or update a child row: a foreign key constraint fails (`mwtech63_matricula`.`tb_cronograma_aula`, CONSTRAINT `fk_cronograma_turma_plano` FOREIGN KEY (`IdTurmaPlanoCurso`) REFERENCES `tb_turma_plano_curso` (`IdTurmaPlanoCurso`) ON DELETE CASCADE)","file":"D:\\OneDrive - INSTITUTO TECNOLOGICO E VOCACIONAL AVANÇADO\\htdocs\\conectaosc\\api\\repositories\\TurmaPlanoCursoRepository.php","line":155}}}
{"time":"2026-03-16T19:33:22-03:00","level":"INFO","trace_id":"3ded3f381a59549a","module":"plano_curso","action":"update","user_id":1,"method":"PUT","uri":"/conectaosc/api/v1/planos-curso/10","ip":"::1","context":{"id":10,"updated":false}}
{"time":"2026-03-16T19:33:45-03:00","level":"INFO","trace_id":"d56c650aeae79076","module":"plano_curso_aula","action":"update","user_id":1,"method":"PUT","uri":"/conectaosc/api/v1/planos-curso/aulas/16","ip":"::1","context":{"id_aula":16,"updated":false}}
{"time":"2026-03-16T19:36:15-03:00","level":"INFO","trace_id":"c4e2182b8f8a97be","module":"turma_plano_curso","action":"vincular","user_id":1,"method":"POST","uri":"/conectaosc/api/v1/turmas/80/plano-curso/vincular","ip":"::1","context":{"id_turma":80,"id_plano":10,"id_vinculo":9}}
{"time":"2026-03-16T19:58:02-03:00","level":"ERROR","trace_id":"d274936e0d81ebaf","module":"plano_curso","action":"reorder","user_id":1,"method":"POST","uri":"/conectaosc/api/v1/planos-curso/10/aulas/reordenar","ip":"::1","context":{"id_plano":10,"exception":{"class":"PDOException","message":"SQLSTATE[23000]: Integrity constraint violation: 1062 Duplicate entry '10-1' for key 'uq_plano_aula_ordem'","file":"D:\\OneDrive - INSTITUTO TECNOLOGICO E VOCACIONAL AVANÇADO\\htdocs\\conectaosc\\api\\repositories\\PlanoCursoRepository.php","line":255}}}
{"time":"2026-03-16T19:58:23-03:00","level":"ERROR","trace_id":"c5adccea08c16215","module":"plano_curso","action":"reorder","user_id":1,"method":"POST","uri":"/conectaosc/api/v1/planos-curso/10/aulas/reordenar","ip":"::1","context":{"id_plano":10,"exception":{"class":"PDOException","message":"SQLSTATE[23000]: Integrity constraint violation: 1062 Duplicate entry '10-1' for key 'uq_plano_aula_ordem'","file":"D:\\OneDrive - INSTITUTO TECNOLOGICO E VOCACIONAL AVANÇADO\\htdocs\\conectaosc\\api\\repositories\\PlanoCursoRepository.php","line":255}}}
{"time":"2026-03-17T23:31:34-03:00","level":"INFO","trace_id":"475bde2d466316dd","module":"plano_curso_aula","action":"reorder","user_id":1,"method":"POST","uri":"/conectaosc/api/v1/planos-curso/10/aulas/reordenar","ip":"::1","context":{"id_plano":10,"result":{"modo":"A","aulas_reordenadas":2,"slots_atualizados":4}}}
{"time":"2026-03-23T13:49:02-03:00","level":"ERROR","trace_id":"6967fbae91e1fb9c","module":"plano_curso","action":"store_aula","user_id":1,"method":"POST","uri":"/conectaosc/api/v1/planos-curso/13/aulas","ip":"::1","context":{"id_plano":13,"exception":{"class":"PDOException","message":"SQLSTATE[23000]: Integrity constraint violation: 1062 Duplicate entry '13-2' for key 'uq_plano_aula_ordem'","file":"D:\\OneDrive\\OneDrive - INSTITUTO TECNOLOGICO E VOCACIONAL AVANÇADO\\htdocs\\conectaosc\\api\\repositories\\PlanoCursoRepository.php","line":243}}}
{"time":"2026-03-23T14:35:46-03:00","level":"INFO","trace_id":"b5e8cc275cae39a6","module":"plano_curso_aula","action":"store","user_id":1,"method":"POST","uri":"/conectaosc/api/v1/planos-curso/13/aulas","ip":"::1","context":{"id_plano":13,"id_aula":25}}
{"time":"2026-03-23T14:35:55-03:00","level":"INFO","trace_id":"3220c0e0be53b721","module":"plano_curso_aula","action":"destroy","user_id":1,"method":"DELETE","uri":"/conectaosc/api/v1/planos-curso/aulas/25","ip":"::1","context":{"id_aula":25,"deleted":true}}
{"time":"2026-03-24T14:40:54-03:00","level":"INFO","trace_id":"a9c8b15f466df903","module":"plano_curso_aula_todo","action":"store","user_id":1,"method":"POST","uri":"/conectaosc/api/v1/planos-curso/aulas/16/todos","ip":"::1","context":{"id_aula":16,"id_item":1}}
{"time":"2026-03-24T14:41:13-03:00","level":"INFO","trace_id":"9c31e733ab2089e3","module":"plano_curso_aula_todo","action":"store","user_id":1,"method":"POST","uri":"/conectaosc/api/v1/planos-curso/aulas/16/todos","ip":"::1","context":{"id_aula":16,"id_item":2}}
{"time":"2026-03-24T14:41:58-03:00","level":"INFO","trace_id":"ff7ceea19859c04b","module":"plano_curso_aula_todo","action":"update","user_id":1,"method":"PUT","uri":"/conectaosc/api/v1/planos-curso/aulas/todos/1","ip":"::1","context":{"id_item":1,"updated":true}}
{"time":"2026-03-24T14:42:01-03:00","level":"INFO","trace_id":"65f5fa1075e6f676","module":"plano_curso_aula_todo","action":"update","user_id":1,"method":"PUT","uri":"/conectaosc/api/v1/planos-curso/aulas/todos/1","ip":"::1","context":{"id_item":1,"updated":true}}
{"time":"2026-03-24T14:42:03-03:00","level":"INFO","trace_id":"5334c64d333246e9","module":"plano_curso_aula_todo","action":"update","user_id":1,"method":"PUT","uri":"/conectaosc/api/v1/planos-curso/aulas/todos/1","ip":"::1","context":{"id_item":1,"updated":true}}
{"time":"2026-03-24T14:42:05-03:00","level":"INFO","trace_id":"dba62bf0624c86e0","module":"plano_curso_aula_todo","action":"update","user_id":1,"method":"PUT","uri":"/conectaosc/api/v1/planos-curso/aulas/todos/1","ip":"::1","context":{"id_item":1,"updated":true}}
{"time":"2026-03-24T14:42:06-03:00","level":"INFO","trace_id":"4ec77d7d1ee8f57d","module":"plano_curso_aula_todo","action":"update","user_id":1,"method":"PUT","uri":"/conectaosc/api/v1/planos-curso/aulas/todos/1","ip":"::1","context":{"id_item":1,"updated":true}}
{"time":"2026-03-24T14:42:07-03:00","level":"INFO","trace_id":"174d497130e7d143","module":"plano_curso_aula_todo","action":"update","user_id":1,"method":"PUT","uri":"/conectaosc/api/v1/planos-curso/aulas/todos/1","ip":"::1","context":{"id_item":1,"updated":true}}
{"time":"2026-03-24T14:42:09-03:00","level":"INFO","trace_id":"abb46b667440881c","module":"plano_curso_aula_todo","action":"update","user_id":1,"method":"PUT","uri":"/conectaosc/api/v1/planos-curso/aulas/todos/1","ip":"::1","context":{"id_item":1,"updated":true}}
{"time":"2026-03-24T14:42:11-03:00","level":"INFO","trace_id":"a0558888ecdce00c","module":"plano_curso_aula_todo","action":"update","user_id":1,"method":"PUT","uri":"/conectaosc/api/v1/planos-curso/aulas/todos/1","ip":"::1","context":{"id_item":1,"updated":true}}
{"time":"2026-03-24T14:42:14-03:00","level":"INFO","trace_id":"fe238c7a9d3ea44c","module":"plano_curso_aula_todo","action":"update","user_id":1,"method":"PUT","uri":"/conectaosc/api/v1/planos-curso/aulas/todos/1","ip":"::1","context":{"id_item":1,"updated":true}}
{"time":"2026-03-24T14:42:15-03:00","level":"INFO","trace_id":"b0033770285c75a8","module":"plano_curso_aula_todo","action":"reorder","user_id":1,"method":"POST","uri":"/conectaosc/api/v1/planos-curso/aulas/16/todos/reordenar","ip":"::1","context":{"id_aula":16,"result":{"itens_reordenados":2}}}
{"time":"2026-03-24T14:42:22-03:00","level":"INFO","trace_id":"b78e1026be26ce62","module":"plano_curso_aula_todo","action":"update","user_id":1,"method":"PUT","uri":"/conectaosc/api/v1/planos-curso/aulas/todos/1","ip":"::1","context":{"id_item":1,"updated":true}}
{"time":"2026-03-24T14:42:35-03:00","level":"INFO","trace_id":"6f6e313b6a409bed","module":"plano_curso_aula_todo","action":"reorder","user_id":1,"method":"POST","uri":"/conectaosc/api/v1/planos-curso/aulas/16/todos/reordenar","ip":"::1","context":{"id_aula":16,"result":{"itens_reordenados":2}}}
{"time":"2026-03-24T14:42:58-03:00","level":"INFO","trace_id":"46218c1940fac279","module":"plano_curso_aula_todo","action":"store","user_id":1,"method":"POST","uri":"/conectaosc/api/v1/planos-curso/aulas/16/todos","ip":"::1","context":{"id_aula":16,"id_item":3}}
{"time":"2026-03-24T14:43:05-03:00","level":"INFO","trace_id":"5c33eee101cec253","module":"plano_curso_aula_todo","action":"update","user_id":1,"method":"PUT","uri":"/conectaosc/api/v1/planos-curso/aulas/todos/3","ip":"::1","context":{"id_item":3,"updated":true}}
{"time":"2026-03-24T14:43:13-03:00","level":"INFO","trace_id":"e19f2c571b3bcc18","module":"plano_curso_aula_todo","action":"update","user_id":1,"method":"PUT","uri":"/conectaosc/api/v1/planos-curso/aulas/todos/1","ip":"::1","context":{"id_item":1,"updated":false}}
{"time":"2026-03-24T14:43:18-03:00","level":"INFO","trace_id":"cb723e1ba21d1bb2","module":"plano_curso_aula_todo","action":"update","user_id":1,"method":"PUT","uri":"/conectaosc/api/v1/planos-curso/aulas/todos/1","ip":"::1","context":{"id_item":1,"updated":true}}
{"time":"2026-03-24T14:43:20-03:00","level":"INFO","trace_id":"24285f2ff50a6433","module":"plano_curso_aula_todo","action":"update","user_id":1,"method":"PUT","uri":"/conectaosc/api/v1/planos-curso/aulas/todos/1","ip":"::1","context":{"id_item":1,"updated":false}}
{"time":"2026-03-24T14:43:23-03:00","level":"INFO","trace_id":"e442eaa402d640b2","module":"plano_curso_aula_todo","action":"update_status","user_id":1,"method":"PUT","uri":"/conectaosc/api/v1/planos-curso/aulas/todos/1/status","ip":"::1","context":{"id_item":1,"updated":true}}
{"time":"2026-03-24T14:43:30-03:00","level":"INFO","trace_id":"f6c351077f27f1b8","module":"plano_curso_aula_todo","action":"update_status","user_id":1,"method":"PUT","uri":"/conectaosc/api/v1/planos-curso/aulas/todos/3/status","ip":"::1","context":{"id_item":3,"updated":true}}
{"time":"2026-03-24T14:43:41-03:00","level":"INFO","trace_id":"5bd8a59b2a1288bd","module":"plano_curso_aula_todo","action":"reorder","user_id":1,"method":"POST","uri":"/conectaosc/api/v1/planos-curso/aulas/16/todos/reordenar","ip":"::1","context":{"id_aula":16,"result":{"itens_reordenados":3}}}
{"time":"2026-03-24T14:43:49-03:00","level":"INFO","trace_id":"6e4aab2b61195e50","module":"plano_curso_aula_todo","action":"update_status","user_id":1,"method":"PUT","uri":"/conectaosc/api/v1/planos-curso/aulas/todos/3/status","ip":"::1","context":{"id_item":3,"updated":true}}
{"time":"2026-03-24T14:44:25-03:00","level":"INFO","trace_id":"502e9880ca31ca18","module":"plano_curso_aula_todo","action":"destroy","user_id":1,"method":"DELETE","uri":"/conectaosc/api/v1/planos-curso/aulas/todos/3","ip":"::1","context":{"id_item":3,"deleted":true}}
{"time":"2026-03-24T14:59:51-03:00","level":"INFO","trace_id":"853947b2863497c9","module":"plano_curso_aula_todo","action":"update_status","user_id":1,"method":"PUT","uri":"/conectaosc/api/v1/planos-curso/aulas/todos/1/status","ip":"::1","context":{"id_item":1,"updated":true}}
{"time":"2026-03-24T14:59:57-03:00","level":"INFO","trace_id":"d352d7ea34bf932b","module":"plano_curso_aula_todo","action":"update_status","user_id":1,"method":"PUT","uri":"/conectaosc/api/v1/planos-curso/aulas/todos/2/status","ip":"::1","context":{"id_item":2,"updated":true}}
{"time":"2026-03-24T15:00:03-03:00","level":"INFO","trace_id":"85ce45a45527393e","module":"plano_curso_aula_todo","action":"update","user_id":1,"method":"PUT","uri":"/conectaosc/api/v1/planos-curso/aulas/todos/2","ip":"::1","context":{"id_item":2,"updated":true}}
{"time":"2026-03-24T15:00:08-03:00","level":"INFO","trace_id":"170f92157edd36db","module":"plano_curso_aula_todo","action":"update_status","user_id":1,"method":"PUT","uri":"/conectaosc/api/v1/planos-curso/aulas/todos/1/status","ip":"::1","context":{"id_item":1,"updated":true}}
{"time":"2026-03-24T15:00:08-03:00","level":"INFO","trace_id":"2422adf96e263eef","module":"plano_curso_aula_todo","action":"update_status","user_id":1,"method":"PUT","uri":"/conectaosc/api/v1/planos-curso/aulas/todos/2/status","ip":"::1","context":{"id_item":2,"updated":true}}
{"time":"2026-03-24T15:00:17-03:00","level":"INFO","trace_id":"c7041276253ea8b7","module":"plano_curso_aula_todo","action":"store","user_id":1,"method":"POST","uri":"/conectaosc/api/v1/planos-curso/aulas/16/todos","ip":"::1","context":{"id_aula":16,"id_item":4}}
{"time":"2026-03-24T15:00:26-03:00","level":"INFO","trace_id":"c7b2100f93f31ba8","module":"plano_curso_aula_todo","action":"reorder","user_id":1,"method":"POST","uri":"/conectaosc/api/v1/planos-curso/aulas/16/todos/reordenar","ip":"::1","context":{"id_aula":16,"result":{"itens_reordenados":3}}}
{"time":"2026-03-24T15:00:33-03:00","level":"INFO","trace_id":"631c8947515412b7","module":"plano_curso_aula_todo","action":"reorder","user_id":1,"method":"POST","uri":"/conectaosc/api/v1/planos-curso/aulas/16/todos/reordenar","ip":"::1","context":{"id_aula":16,"result":{"itens_reordenados":3}}}
{"time":"2026-03-24T15:18:44-03:00","level":"INFO","trace_id":"3fd286426141a34c","module":"plano_curso_aula_todo","action":"store","user_id":1,"method":"POST","uri":"/conectaosc/api/v1/planos-curso/aulas/15/todos","ip":"::1","context":{"id_aula":15,"id_item":5}}
{"time":"2026-03-24T15:18:50-03:00","level":"INFO","trace_id":"ade9a9f65efb98ef","module":"plano_curso_aula_todo","action":"update","user_id":1,"method":"PUT","uri":"/conectaosc/api/v1/planos-curso/aulas/todos/5","ip":"::1","context":{"id_item":5,"updated":true}}
{"time":"2026-03-24T15:18:54-03:00","level":"INFO","trace_id":"2d7eaa4fba61bf46","module":"plano_curso_aula_todo","action":"update_status","user_id":1,"method":"PUT","uri":"/conectaosc/api/v1/planos-curso/aulas/todos/1/status","ip":"::1","context":{"id_item":1,"updated":true}}
{"time":"2026-03-24T15:18:55-03:00","level":"INFO","trace_id":"8a898aa1774f5872","module":"plano_curso_aula_todo","action":"update_status","user_id":1,"method":"PUT","uri":"/conectaosc/api/v1/planos-curso/aulas/todos/2/status","ip":"::1","context":{"id_item":2,"updated":true}}
{"time":"2026-03-24T15:18:58-03:00","level":"INFO","trace_id":"94aada54522e0f88","module":"plano_curso_aula_todo","action":"reorder","user_id":1,"method":"POST","uri":"/conectaosc/api/v1/planos-curso/aulas/16/todos/reordenar","ip":"::1","context":{"id_aula":16,"result":{"itens_reordenados":3}}}
{"time":"2026-03-24T15:19:08-03:00","level":"INFO","trace_id":"673cc40b02f9ec6c","module":"plano_curso_aula_todo","action":"reorder","user_id":1,"method":"POST","uri":"/conectaosc/api/v1/planos-curso/aulas/16/todos/reordenar","ip":"::1","context":{"id_aula":16,"result":{"itens_reordenados":3}}}
{"time":"2026-03-24T15:19:19-03:00","level":"INFO","trace_id":"2acebf9533922447","module":"plano_curso_aula_todo","action":"update","user_id":1,"method":"PUT","uri":"/conectaosc/api/v1/planos-curso/aulas/todos/5","ip":"::1","context":{"id_item":5,"updated":true}}
{"time":"2026-03-24T15:19:27-03:00","level":"INFO","trace_id":"1e99768df960de2c","module":"plano_curso_aula_todo","action":"destroy","user_id":1,"method":"DELETE","uri":"/conectaosc/api/v1/planos-curso/aulas/todos/5","ip":"::1","context":{"id_item":5,"deleted":true}}
{"time":"2026-03-24T15:26:39-03:00","level":"INFO","trace_id":"48978752c860810b","module":"plano_curso_aula_todo","action":"store","user_id":1,"method":"POST","uri":"/conectaosc/api/v1/planos-curso/aulas/16/todos","ip":"::1","context":{"id_aula":16,"id_item":6}}
{"time":"2026-03-24T15:26:44-03:00","level":"INFO","trace_id":"4552cfc119536f9d","module":"plano_curso_aula_todo","action":"update","user_id":1,"method":"PUT","uri":"/conectaosc/api/v1/planos-curso/aulas/todos/6","ip":"::1","context":{"id_item":6,"updated":true}}
{"time":"2026-03-24T15:26:49-03:00","level":"INFO","trace_id":"22e516878379963d","module":"plano_curso_aula_todo","action":"reorder","user_id":1,"method":"POST","uri":"/conectaosc/api/v1/planos-curso/aulas/16/todos/reordenar","ip":"::1","context":{"id_aula":16,"result":{"itens_reordenados":4}}}
{"time":"2026-03-24T15:26:59-03:00","level":"INFO","trace_id":"e38fa2a0030bea13","module":"plano_curso_aula_todo","action":"update","user_id":1,"method":"PUT","uri":"/conectaosc/api/v1/planos-curso/aulas/todos/1","ip":"::1","context":{"id_item":1,"updated":true}}
{"time":"2026-03-24T15:27:05-03:00","level":"INFO","trace_id":"3819a5646b9275f6","module":"plano_curso_aula_todo","action":"update_status","user_id":1,"method":"PUT","uri":"/conectaosc/api/v1/planos-curso/aulas/todos/1/status","ip":"::1","context":{"id_item":1,"updated":true}}
{"time":"2026-03-24T15:27:08-03:00","level":"INFO","trace_id":"a098a27fbd7f248c","module":"plano_curso_aula_todo","action":"update_status","user_id":1,"method":"PUT","uri":"/conectaosc/api/v1/planos-curso/aulas/todos/2/status","ip":"::1","context":{"id_item":2,"updated":true}}
{"time":"2026-03-24T15:27:15-03:00","level":"INFO","trace_id":"0a61d80984d6598b","module":"plano_curso_aula_todo","action":"destroy","user_id":1,"method":"DELETE","uri":"/conectaosc/api/v1/planos-curso/aulas/todos/4","ip":"::1","context":{"id_item":4,"deleted":true}}
{"time":"2026-03-24T15:27:20-03:00","level":"INFO","trace_id":"7eb62aef3917f2a4","module":"plano_curso_aula_todo","action":"destroy","user_id":1,"method":"DELETE","uri":"/conectaosc/api/v1/planos-curso/aulas/todos/6","ip":"::1","context":{"id_item":6,"deleted":true}}
{"time":"2026-03-24T15:27:25-03:00","level":"INFO","trace_id":"9b890de0c564e631","module":"plano_curso_aula_todo","action":"destroy","user_id":1,"method":"DELETE","uri":"/conectaosc/api/v1/planos-curso/aulas/todos/1","ip":"::1","context":{"id_item":1,"deleted":true}}
{"time":"2026-03-24T15:27:30-03:00","level":"INFO","trace_id":"902da15b71963195","module":"plano_curso_aula_todo","action":"destroy","user_id":1,"method":"DELETE","uri":"/conectaosc/api/v1/planos-curso/aulas/todos/2","ip":"::1","context":{"id_item":2,"deleted":true}}
{"time":"2026-03-24T16:05:45-03:00","level":"INFO","trace_id":"7229b7fcfa47bb20","module":"plano_curso_aula_todo","action":"update","user_id":1,"method":"PUT","uri":"/conectaosc/api/v1/planos-curso/aulas/todos/8","ip":"::1","context":{"id_item":8,"updated":true}}
{"time":"2026-03-24T16:06:50-03:00","level":"INFO","trace_id":"49bbd63d1de630e3","module":"plano_curso_aula_todo","action":"update_status","user_id":1,"method":"PUT","uri":"/conectaosc/api/v1/planos-curso/aulas/todos/8/status","ip":"::1","context":{"id_item":8,"updated":true}}
{"time":"2026-03-24T16:06:57-03:00","level":"INFO","trace_id":"5db09aceddde29e9","module":"plano_curso_aula_todo","action":"update_status","user_id":1,"method":"PUT","uri":"/conectaosc/api/v1/planos-curso/aulas/todos/8/status","ip":"::1","context":{"id_item":8,"updated":true}}
{"time":"2026-03-24T16:07:31-03:00","level":"ERROR","trace_id":"621757cdb3ef47f2","module":"turma_plano_curso","action":"desvincular","user_id":1,"method":"POST","uri":"/conectaosc/api/v1/turmas/80/plano-curso/desvincular","ip":"::1","context":{"id_turma":80,"exception":{"class":"PDOException","message":"SQLSTATE[23000]: Integrity constraint violation: 1062 Duplicate entry '80-0' for key 'uq_turma_plano_ativo'","file":"D:\\OneDrive\\OneDrive - INSTITUTO TECNOLOGICO E VOCACIONAL AVANÇADO\\htdocs\\conectaosc\\api\\repositories\\TurmaPlanoCursoRepository.php","line":96}}}
{"time":"2026-03-24T16:07:33-03:00","level":"ERROR","trace_id":"b3f9828936e45e18","module":"turma_plano_curso","action":"desvincular","user_id":1,"method":"POST","uri":"/conectaosc/api/v1/turmas/79/plano-curso/desvincular","ip":"::1","context":{"id_turma":79,"exception":{"class":"PDOException","message":"SQLSTATE[23000]: Integrity constraint violation: 1062 Duplicate entry '79-0' for key 'uq_turma_plano_ativo'","file":"D:\\OneDrive\\OneDrive - INSTITUTO TECNOLOGICO E VOCACIONAL AVANÇADO\\htdocs\\conectaosc\\api\\repositories\\TurmaPlanoCursoRepository.php","line":96}}}
{"time":"2026-03-24T16:07:56-03:00","level":"ERROR","trace_id":"3caf5b8c19985946","module":"turma_plano_curso","action":"desvincular","user_id":1,"method":"POST","uri":"/conectaosc/api/v1/turmas/79/plano-curso/desvincular","ip":"::1","context":{"id_turma":79,"exception":{"class":"PDOException","message":"SQLSTATE[23000]: Integrity constraint violation: 1062 Duplicate entry '79-0' for key 'uq_turma_plano_ativo'","file":"D:\\OneDrive\\OneDrive - INSTITUTO TECNOLOGICO E VOCACIONAL AVANÇADO\\htdocs\\conectaosc\\api\\repositories\\TurmaPlanoCursoRepository.php","line":96}}}
{"time":"2026-03-24T16:07:58-03:00","level":"ERROR","trace_id":"70f4e3e4c7bd4c8a","module":"turma_plano_curso","action":"desvincular","user_id":1,"method":"POST","uri":"/conectaosc/api/v1/turmas/80/plano-curso/desvincular","ip":"::1","context":{"id_turma":80,"exception":{"class":"PDOException","message":"SQLSTATE[23000]: Integrity constraint violation: 1062 Duplicate entry '80-0' for key 'uq_turma_plano_ativo'","file":"D:\\OneDrive\\OneDrive - INSTITUTO TECNOLOGICO E VOCACIONAL AVANÇADO\\htdocs\\conectaosc\\api\\repositories\\TurmaPlanoCursoRepository.php","line":96}}}
{"time":"2026-03-24T16:08:16-03:00","level":"ERROR","trace_id":"698dfa2b0f40ed9d","module":"turma_plano_curso","action":"desvincular","user_id":1,"method":"POST","uri":"/conectaosc/api/v1/turmas/79/plano-curso/desvincular","ip":"::1","context":{"id_turma":79,"exception":{"class":"PDOException","message":"SQLSTATE[23000]: Integrity constraint violation: 1062 Duplicate entry '79-0' for key 'uq_turma_plano_ativo'","file":"D:\\OneDrive\\OneDrive - INSTITUTO TECNOLOGICO E VOCACIONAL AVANÇADO\\htdocs\\conectaosc\\api\\repositories\\TurmaPlanoCursoRepository.php","line":96}}}
